2026-08-20 15:21:28,021 [INFO] 开始美股技术风险监控，共 8 只股票；目标交易日：2026-08-19。
2026-08-20 15:21:28,021 [INFO] [1/8] 分析 OPTX
2026-08-20 15:21:28,726 [INFO] [2/8] 分析 ASTS
2026-08-20 15:21:29,159 [INFO] [3/8] 分析 CRWV
2026-08-20 15:21:29,593 [INFO] [4/8] 分析 FLY
2026-08-20 15:21:30,024 [INFO] [5/8] 分析 AAOI
2026-08-20 15:21:30,456 [INFO] [6/8] 分析 LUNR
2026-08-20 15:21:30,887 [INFO] [7/8] 分析 CRCL
2026-08-20 15:21:31,316 [INFO] [8/8] 分析 ONDS
2026-08-20 15:21:31,849 [INFO] 本交易日无新增触发记录，或 drop.txt 已存在对应记录。
2026-08-20 15:21:31,849 [INFO] 监控完成：Word=/home/runner/work/stock-monitor-cloud/stock-monitor-cloud/data/drop/美股技术风险监控_2026-08-19.docx TXT=/home/runner/work/stock-monitor-cloud/stock-monitor-cloud/data/drop/drop.txt
2026-08-21 10:41:39,402 [INFO] 开始美股技术风险监控，共 8 只股票；目标交易日：2026-08-20。
2026-08-21 10:41:39,402 [INFO] [1/8] 分析 OPTX
2026-08-21 10:41:39,860 [INFO] [2/8] 分析 ASTS
2026-08-21 10:41:40,238 [INFO] [3/8] 分析 CRWV
2026-08-21 10:41:41,414 [INFO] [4/8] 分析 FLY
2026-08-21 10:41:41,795 [INFO] [5/8] 分析 AAOI
2026-08-21 10:41:42,579 [INFO] [6/8] 分析 LUNR
2026-08-21 10:41:42,952 [INFO] [7/8] 分析 CRCL
2026-08-21 10:41:43,329 [INFO] [8/8] 分析 ONDS
2026-08-21 10:41:43,828 [INFO] 已写入 drop.txt：2026-08-20	ONDS(1)	8分
2026-08-21 10:41:43,828 [INFO] 监控完成：Word=/home/runner/work/stock-monitor-cloud/stock-monitor-cloud/data/drop/美股技术风险监控_2026-08-20.docx TXT=/home/runner/work/stock-monitor-cloud/stock-monitor-cloud/data/drop/drop.txt
2026-08-21 10:49:10,635 [INFO] 开始美股技术风险监控，共 8 只股票；目标交易日：2026-08-20。
2026-08-21 10:49:10,635 [INFO] [1/8] 分析 OPTX
2026-08-21 10:49:11,151 [INFO] [2/8] 分析 ASTS
2026-08-21 10:49:11,550 [INFO] [3/8] 分析 CRWV
2026-08-21 10:49:11,961 [INFO] [4/8] 分析 FLY
2026-08-21 10:49:12,351 [INFO] [5/8] 分析 AAOI
2026-08-21 10:49:12,736 [INFO] [6/8] 分析 LUNR
2026-08-21 10:49:13,136 [INFO] [7/8] 分析 CRCL
2026-08-21 10:49:13,518 [INFO] [8/8] 分析 ONDS
2026-08-21 10:49:14,000 [INFO] 本交易日无新增触发记录，或 drop.txt 已存在对应记录。
2026-08-21 10:49:14,000 [INFO] 监控完成：Word=/home/runner/work/stock-monitor-cloud/stock-monitor-cloud/data/drop/美股技术风险监控_2026-08-20.docx TXT=/home/runner/work/stock-monitor-cloud/stock-monitor-cloud/data/drop/drop.txt
2026-08-24 10:51:25,429 [INFO] 开始美股技术风险监控，共 8 只股票；目标交易日：2026-08-21。
2026-08-24 10:51:25,429 [INFO] [1/8] 分析 OPTX
2026-08-24 10:51:26,083 [INFO] [2/8] 分析 ASTS
2026-08-24 10:51:26,556 [INFO] [3/8] 分析 CRWV
2026-08-24 10:51:27,023 [INFO] [4/8] 分析 FLY
2026-08-24 10:51:27,490 [INFO] [5/8] 分析 AAOI
2026-08-24 10:51:27,925 [INFO] [6/8] 分析 LUNR
2026-08-24 10:51:28,394 [INFO] [7/8] 分析 CRCL
2026-08-24 10:51:28,862 [INFO] [8/8] 分析 ONDS
2026-08-24 10:51:29,416 [INFO] 本交易日无新增触发记录，或 drop.txt 已存在对应记录。
2026-08-24 10:51:29,416 [INFO] 监控完成：Word=/home/runner/work/stock-monitor-cloud/stock-monitor-cloud/data/drop/美股技术风险监控_2026-08-21.docx TXT=/home/runner/work/stock-monitor-cloud/stock-monitor-cloud/data/drop/drop.txt
2026-08-25 07:17:25,872 [INFO] 开始美股技术风险监控，共 8 只股票；目标交易日：2026-08-24。
2026-08-25 07:17:25,872 [INFO] [1/8] 分析 OPTX
2026-08-25 07:17:26,397 [INFO] [2/8] 分析 ASTS
2026-08-25 07:17:26,888 [INFO] [3/8] 分析 CRWV
2026-08-25 07:17:27,272 [INFO] [4/8] 分析 FLY
2026-08-25 07:17:27,659 [INFO] [5/8] 分析 AAOI
2026-08-25 07:17:28,040 [INFO] [6/8] 分析 LUNR
2026-08-25 07:17:28,486 [INFO] [7/8] 分析 CRCL
2026-08-25 07:17:28,928 [INFO] [8/8] 分析 ONDS
2026-08-25 07:17:29,410 [INFO] 已写入 drop.txt：2026-08-24	ONDS(2)	7分；2026-08-24	CRCL(1)	5分
2026-08-25 07:17:29,410 [INFO] 监控完成：Word=/home/runner/work/stock-monitor-cloud/stock-monitor-cloud/data/drop/美股技术风险监控_2026-08-24.docx TXT=/home/runner/work/stock-monitor-cloud/stock-monitor-cloud/data/drop/drop.txt
2026-08-26 07:19:45,605 [INFO] 开始美股技术风险监控，共 8 只股票；目标交易日：2026-08-25。
2026-08-26 07:19:45,605 [INFO] [1/8] 分析 OPTX
2026-08-26 07:19:46,284 [INFO] [2/8] 分析 ASTS
2026-08-26 07:19:46,803 [INFO] [3/8] 分析 CRWV
2026-08-26 07:19:47,313 [INFO] [4/8] 分析 FLY
2026-08-26 07:19:47,797 [INFO] [5/8] 分析 AAOI
2026-08-26 07:19:48,527 [INFO] [6/8] 分析 LUNR
2026-08-26 07:19:49,024 [INFO] [7/8] 分析 CRCL
2026-08-26 07:19:49,492 [INFO] [8/8] 分析 ONDS
2026-08-26 07:19:50,045 [INFO] 已写入 drop.txt：2026-08-25	ONDS(3)	7分
2026-08-26 07:19:50,045 [INFO] 监控完成：Word=/home/runner/work/stock-monitor-cloud/stock-monitor-cloud/data/drop/美股技术风险监控_2026-08-25.docx TXT=/home/runner/work/stock-monitor-cloud/stock-monitor-cloud/data/drop/drop.txt
2026-08-27 09:37:37,860 [INFO] 开始美股技术风险监控，共 8 只股票；目标交易日：2026-08-26。
2026-08-27 09:37:37,860 [INFO] [1/8] 分析 OPTX
2026-08-27 09:37:38,378 [INFO] [2/8] 分析 ASTS
2026-08-27 09:37:38,825 [INFO] [3/8] 分析 CRWV
2026-08-27 09:37:39,266 [INFO] [4/8] 分析 FLY
2026-08-27 09:37:39,711 [INFO] [5/8] 分析 AAOI
2026-08-27 09:37:40,154 [INFO] [6/8] 分析 LUNR
2026-08-27 09:37:40,596 [INFO] [7/8] 分析 CRCL
2026-08-27 09:37:41,038 [INFO] [8/8] 分析 ONDS
2026-08-27 09:37:41,571 [INFO] 已写入 drop.txt：2026-08-26	ONDS(4)	7分
2026-08-27 09:37:41,571 [INFO] 监控完成：Word=/home/runner/work/stock-monitor-cloud/stock-monitor-cloud/data/drop/美股技术风险监控_2026-08-26.docx TXT=/home/runner/work/stock-monitor-cloud/stock-monitor-cloud/data/drop/drop.txt
2026-08-27 12:10:31,966 [INFO] 开始美股技术风险监控，共 8 只股票；目标交易日：2026-08-26。
2026-08-27 12:10:31,966 [INFO] [1/8] 分析 OPTX
2026-08-27 12:10:32,435 [INFO] [2/8] 分析 ASTS
2026-08-27 12:10:32,841 [INFO] [3/8] 分析 CRWV
2026-08-27 12:10:33,632 [INFO] [4/8] 分析 FLY
2026-08-27 12:10:34,018 [INFO] [5/8] 分析 AAOI
2026-08-27 12:10:34,407 [INFO] [6/8] 分析 LUNR
2026-08-27 12:10:34,798 [INFO] [7/8] 分析 CRCL
2026-08-27 12:10:35,193 [INFO] [8/8] 分析 ONDS
2026-08-27 12:10:35,675 [INFO] 本交易日无新增触发记录，或 drop.txt 已存在对应记录。
2026-08-27 12:10:35,676 [INFO] 监控完成：Word=/home/runner/work/stock-monitor-cloud/stock-monitor-cloud/data/drop/美股技术风险监控_2026-08-26.docx TXT=/home/runner/work/stock-monitor-cloud/stock-monitor-cloud/data/drop/drop.txt
2026-08-28 09:32:21,258 [INFO] 开始美股技术风险监控，共 8 只股票；目标交易日：2026-08-27。
2026-08-28 09:32:21,259 [INFO] [1/8] 分析 OPTX
2026-08-28 09:32:21,727 [INFO] [2/8] 分析 ASTS
2026-08-28 09:32:22,116 [INFO] [3/8] 分析 CRWV
2026-08-28 09:32:22,505 [INFO] [4/8] 分析 FLY
2026-08-28 09:32:22,897 [INFO] [5/8] 分析 AAOI
2026-08-28 09:32:23,288 [INFO] [6/8] 分析 LUNR
2026-08-28 09:32:23,679 [INFO] [7/8] 分析 CRCL
2026-08-28 09:32:24,072 [INFO] [8/8] 分析 ONDS
2026-08-28 09:32:24,573 [INFO] 本交易日无新增触发记录，或 drop.txt 已存在对应记录。
2026-08-28 09:32:24,574 [INFO] 监控完成：Word=/home/runner/work/stock-monitor-cloud/stock-monitor-cloud/data/drop/美股技术风险监控_2026-08-27.docx TXT=/home/runner/work/stock-monitor-cloud/stock-monitor-cloud/data/drop/drop.txt
2026-08-31 09:25:16,454 [INFO] 开始美股技术风险监控，共 8 只股票；目标交易日：2026-08-28。
2026-08-31 09:25:16,454 [INFO] [1/8] 分析 OPTX
2026-08-31 09:25:16,922 [INFO] [2/8] 分析 ASTS
2026-08-31 09:25:17,317 [INFO] [3/8] 分析 CRWV
2026-08-31 09:25:17,709 [INFO] [4/8] 分析 FLY
2026-08-31 09:25:18,100 [INFO] [5/8] 分析 AAOI
2026-08-31 09:25:18,497 [INFO] [6/8] 分析 LUNR
2026-08-31 09:25:18,892 [INFO] [7/8] 分析 CRCL
2026-08-31 09:25:19,314 [INFO] [8/8] 分析 ONDS
2026-08-31 09:25:19,788 [INFO] 本交易日无新增触发记录，或 drop.txt 已存在对应记录。
2026-08-31 09:25:19,788 [INFO] 监控完成：Word=/home/runner/work/stock-monitor-cloud/stock-monitor-cloud/data/drop/美股技术风险监控_2026-08-28.docx TXT=/home/runner/work/stock-monitor-cloud/stock-monitor-cloud/data/drop/drop.txt
2026-08-31 09:30:49,344 [INFO] 开始美股技术风险监控，共 8 只股票；目标交易日：2026-08-28。
2026-08-31 09:30:49,344 [INFO] [1/8] 分析 OPTX
2026-08-31 09:30:49,446 [WARNING] Crumb fetch rate-limited (HTTP 429), continuing without crumb
2026-08-31 09:30:49,896 [INFO] [2/8] 分析 ASTS
2026-08-31 09:30:50,295 [INFO] [3/8] 分析 CRWV
2026-08-31 09:30:50,740 [INFO] [4/8] 分析 FLY
2026-08-31 09:30:51,176 [INFO] [5/8] 分析 AAOI
2026-08-31 09:30:51,613 [INFO] [6/8] 分析 LUNR
2026-08-31 09:30:52,126 [INFO] [7/8] 分析 CRCL
2026-08-31 09:30:52,558 [INFO] [8/8] 分析 ONDS
2026-08-31 09:30:53,071 [INFO] 本交易日无新增触发记录，或 drop.txt 已存在对应记录。
2026-08-31 09:30:53,071 [INFO] 监控完成：Word=/home/runner/work/stock-monitor-cloud/stock-monitor-cloud/data/drop/美股技术风险监控_2026-08-28.docx TXT=/home/runner/work/stock-monitor-cloud/stock-monitor-cloud/data/drop/drop.txt
2026-09-01 09:52:47,281 [INFO] 开始美股技术风险监控，共 8 只股票；目标交易日：2026-08-31。
2026-09-01 09:52:47,281 [INFO] [1/8] 分析 OPTX
2026-09-01 09:52:48,122 [INFO] [2/8] 分析 ASTS
2026-09-01 09:52:48,501 [INFO] [3/8] 分析 CRWV
2026-09-01 09:52:49,274 [INFO] [4/8] 分析 FLY
2026-09-01 09:52:49,665 [INFO] [5/8] 分析 AAOI
2026-09-01 09:52:50,046 [INFO] [6/8] 分析 LUNR
2026-09-01 09:52:50,437 [INFO] [7/8] 分析 CRCL
2026-09-01 09:52:50,808 [INFO] [8/8] 分析 ONDS
2026-09-01 09:52:51,273 [INFO] 本交易日无新增触发记录，或 drop.txt 已存在对应记录。
2026-09-01 09:52:51,273 [INFO] 监控完成：Word=/home/runner/work/stock-monitor-cloud/stock-monitor-cloud/data/drop/美股技术风险监控_2026-08-31.docx TXT=/home/runner/work/stock-monitor-cloud/stock-monitor-cloud/data/drop/drop.txt
2026-09-02 09:05:46,875 [INFO] 开始美股技术风险监控，共 8 只股票；目标交易日：2026-09-01。
2026-09-02 09:05:46,875 [INFO] [1/8] 分析 OPTX
2026-09-02 09:05:47,324 [INFO] [2/8] 分析 ASTS
2026-09-02 09:05:48,095 [INFO] [3/8] 分析 CRWV
2026-09-02 09:05:48,499 [INFO] [4/8] 分析 FLY
2026-09-02 09:05:48,861 [INFO] [5/8] 分析 AAOI
2026-09-02 09:05:49,227 [INFO] [6/8] 分析 LUNR
2026-09-02 09:05:49,590 [INFO] [7/8] 分析 CRCL
2026-09-02 09:05:49,959 [INFO] [8/8] 分析 ONDS
2026-09-02 09:05:50,385 [INFO] 本交易日无新增触发记录，或 drop.txt 已存在对应记录。
2026-09-02 09:05:50,385 [INFO] 监控完成：Word=/home/runner/work/stock-monitor-cloud/stock-monitor-cloud/data/drop/美股技术风险监控_2026-09-01.docx TXT=/home/runner/work/stock-monitor-cloud/stock-monitor-cloud/data/drop/drop.txt
2026-09-03 09:11:19,978 [INFO] 开始美股技术风险监控，共 8 只股票；目标交易日：2026-09-02。
2026-09-03 09:11:19,978 [INFO] [1/8] 分析 OPTX
2026-09-03 09:11:20,485 [INFO] [2/8] 分析 ASTS
2026-09-03 09:11:20,879 [INFO] [3/8] 分析 CRWV
2026-09-03 09:11:21,265 [INFO] [4/8] 分析 FLY
2026-09-03 09:11:22,048 [INFO] [5/8] 分析 AAOI
2026-09-03 09:11:22,429 [INFO] [6/8] 分析 LUNR
2026-09-03 09:11:22,841 [INFO] [7/8] 分析 CRCL
2026-09-03 09:11:23,224 [INFO] [8/8] 分析 ONDS
2026-09-03 09:11:23,691 [INFO] 本交易日无新增触发记录，或 drop.txt 已存在对应记录。
2026-09-03 09:11:23,691 [INFO] 监控完成：Word=/home/runner/work/stock-monitor-cloud/stock-monitor-cloud/data/drop/美股技术风险监控_2026-09-01.docx TXT=/home/runner/work/stock-monitor-cloud/stock-monitor-cloud/data/drop/drop.txt
2026-09-04 09:04:36,404 [INFO] 开始美股技术风险监控，共 8 只股票；目标交易日：2026-09-03。
2026-09-04 09:04:36,404 [INFO] [1/8] 分析 OPTX
2026-09-04 09:04:37,908 [INFO] [2/8] 分析 ASTS
2026-09-04 09:04:38,298 [INFO] [3/8] 分析 CRWV
2026-09-04 09:04:38,679 [INFO] [4/8] 分析 FLY
2026-09-04 09:04:39,055 [INFO] [5/8] 分析 AAOI
2026-09-04 09:04:39,435 [INFO] [6/8] 分析 LUNR
2026-09-04 09:04:39,814 [INFO] [7/8] 分析 CRCL
2026-09-04 09:04:40,227 [INFO] [8/8] 分析 ONDS
2026-09-04 09:04:40,706 [INFO] 本交易日无新增触发记录，或 drop.txt 已存在对应记录。
2026-09-04 09:04:40,706 [INFO] 监控完成：Word=/home/runner/work/stock-monitor-cloud/stock-monitor-cloud/data/drop/美股技术风险监控_2026-09-02.docx TXT=/home/runner/work/stock-monitor-cloud/stock-monitor-cloud/data/drop/drop.txt
2026-09-07 09:06:24,272 [INFO] 开始美股技术风险监控，共 8 只股票；目标交易日：2026-09-04。
2026-09-07 09:06:24,272 [INFO] [1/8] 分析 OPTX
2026-09-07 09:06:25,152 [INFO] [2/8] 分析 ASTS
2026-09-07 09:06:26,568 [INFO] [3/8] 分析 CRWV
2026-09-07 09:06:26,940 [INFO] [4/8] 分析 FLY
2026-09-07 09:06:27,370 [INFO] [5/8] 分析 AAOI
2026-09-07 09:06:27,795 [INFO] [6/8] 分析 LUNR
2026-09-07 09:06:28,173 [INFO] [7/8] 分析 CRCL
2026-09-07 09:06:28,548 [INFO] [8/8] 分析 ONDS
2026-09-07 09:06:29,008 [INFO] 本交易日无新增触发记录，或 drop.txt 已存在对应记录。
2026-09-07 09:06:29,008 [INFO] 监控完成：Word=/home/runner/work/stock-monitor-cloud/stock-monitor-cloud/data/drop/美股技术风险监控_2026-09-04.docx TXT=/home/runner/work/stock-monitor-cloud/stock-monitor-cloud/data/drop/drop.txt
2026-09-08 09:16:01,818 [INFO] 开始美股技术风险监控，共 8 只股票；目标交易日：2026-09-07。
2026-09-08 09:16:01,818 [INFO] [1/8] 分析 OPTX
2026-09-08 09:16:02,476 [INFO] [2/8] 分析 ASTS
2026-09-08 09:16:02,971 [INFO] [3/8] 分析 CRWV
2026-09-08 09:16:03,454 [INFO] [4/8] 分析 FLY
2026-09-08 09:16:03,911 [INFO] [5/8] 分析 AAOI
2026-09-08 09:16:04,372 [INFO] [6/8] 分析 LUNR
2026-09-08 09:16:04,881 [INFO] [7/8] 分析 CRCL
2026-09-08 09:16:05,354 [INFO] [8/8] 分析 ONDS
2026-09-08 09:16:05,899 [INFO] 本交易日无新增触发记录，或 drop.txt 已存在对应记录。
2026-09-08 09:16:05,899 [INFO] 监控完成：Word=/home/runner/work/stock-monitor-cloud/stock-monitor-cloud/data/drop/美股技术风险监控_2026-09-04.docx TXT=/home/runner/work/stock-monitor-cloud/stock-monitor-cloud/data/drop/drop.txt
2026-09-09 09:18:51,548 [INFO] 开始美股技术风险监控，共 8 只股票；目标交易日：2026-09-08。
2026-09-09 09:18:51,548 [INFO] [1/8] 分析 OPTX
2026-09-09 09:18:52,071 [INFO] [2/8] 分析 ASTS
2026-09-09 09:18:52,441 [INFO] [3/8] 分析 CRWV
2026-09-09 09:18:52,896 [INFO] [4/8] 分析 FLY
2026-09-09 09:18:53,289 [INFO] [5/8] 分析 AAOI
2026-09-09 09:18:53,712 [INFO] [6/8] 分析 LUNR
2026-09-09 09:18:54,103 [INFO] [7/8] 分析 CRCL
2026-09-09 09:18:54,619 [INFO] [8/8] 分析 ONDS
2026-09-09 09:18:55,093 [INFO] 本交易日无新增触发记录，或 drop.txt 已存在对应记录。
2026-09-09 09:18:55,093 [INFO] 监控完成：Word=/home/runner/work/stock-monitor-cloud/stock-monitor-cloud/data/drop/美股技术风险监控_2026-09-04.docx TXT=/home/runner/work/stock-monitor-cloud/stock-monitor-cloud/data/drop/drop.txt
2026-09-10 09:10:15,449 [INFO] 开始美股技术风险监控，共 8 只股票；目标交易日：2026-09-09。
2026-09-10 09:10:15,449 [INFO] [1/8] 分析 OPTX
2026-09-10 09:10:15,900 [INFO] [2/8] 分析 ASTS
2026-09-10 09:10:16,350 [INFO] [3/8] 分析 CRWV
2026-09-10 09:10:16,847 [INFO] [4/8] 分析 FLY
2026-09-10 09:10:17,233 [INFO] [5/8] 分析 AAOI
2026-09-10 09:10:17,709 [INFO] [6/8] 分析 LUNR
2026-09-10 09:10:18,147 [INFO] [7/8] 分析 CRCL
2026-09-10 09:10:18,546 [INFO] [8/8] 分析 ONDS
2026-09-10 09:10:19,072 [INFO] 本交易日无新增触发记录，或 drop.txt 已存在对应记录。
2026-09-10 09:10:19,072 [INFO] 监控完成：Word=/home/runner/work/stock-monitor-cloud/stock-monitor-cloud/data/drop/美股技术风险监控_2026-09-08.docx TXT=/home/runner/work/stock-monitor-cloud/stock-monitor-cloud/data/drop/drop.txt
2026-09-11 09:11:55,086 [INFO] 开始美股技术风险监控，共 8 只股票；目标交易日：2026-09-10。
2026-09-11 09:11:55,086 [INFO] [1/8] 分析 OPTX
2026-09-11 09:11:55,574 [INFO] [2/8] 分析 ASTS
2026-09-11 09:11:55,959 [INFO] [3/8] 分析 CRWV
2026-09-11 09:11:56,345 [INFO] [4/8] 分析 FLY
2026-09-11 09:11:56,734 [INFO] [5/8] 分析 AAOI
2026-09-11 09:11:57,132 [INFO] [6/8] 分析 LUNR
2026-09-11 09:11:57,552 [INFO] [7/8] 分析 CRCL
2026-09-11 09:11:57,935 [INFO] [8/8] 分析 ONDS
2026-09-11 09:11:58,398 [INFO] 本交易日无新增触发记录，或 drop.txt 已存在对应记录。
2026-09-11 09:11:58,398 [INFO] 监控完成：Word=/home/runner/work/stock-monitor-cloud/stock-monitor-cloud/data/drop/美股技术风险监控_2026-09-09.docx TXT=/home/runner/work/stock-monitor-cloud/stock-monitor-cloud/data/drop/drop.txt
2026-09-11 09:47:42,222 [INFO] 开始美股技术风险监控，共 8 只股票；目标交易日：2026-09-10。
2026-09-11 09:47:42,222 [INFO] [1/8] 分析 OPTX
2026-09-11 09:47:42,888 [INFO] [2/8] 分析 ASTS
2026-09-11 09:47:43,382 [INFO] [3/8] 分析 CRWV
2026-09-11 09:47:43,902 [INFO] [4/8] 分析 FLY
2026-09-11 09:47:44,424 [INFO] [5/8] 分析 AAOI
2026-09-11 09:47:44,926 [INFO] [6/8] 分析 LUNR
2026-09-11 09:47:45,433 [INFO] [7/8] 分析 CRCL
2026-09-11 09:47:45,851 [INFO] [8/8] 分析 ONDS
2026-09-11 09:47:46,433 [INFO] 本交易日无新增触发记录，或 drop.txt 已存在对应记录。
2026-09-11 09:47:46,433 [INFO] 监控完成：Word=/home/runner/work/stock-monitor-cloud/stock-monitor-cloud/data/drop/美股技术风险监控_2026-09-09.docx TXT=/home/runner/work/stock-monitor-cloud/stock-monitor-cloud/data/drop/drop.txt
2026-09-14 09:13:29,437 [INFO] 开始美股技术风险监控，共 8 只股票；目标交易日：2026-09-11。
2026-09-14 09:13:29,437 [INFO] [1/8] 分析 OPTX
2026-09-14 09:13:29,914 [INFO] [2/8] 分析 ASTS
2026-09-14 09:13:30,337 [INFO] [3/8] 分析 CRWV
2026-09-14 09:13:30,764 [INFO] [4/8] 分析 FLY
2026-09-14 09:13:31,166 [INFO] [5/8] 分析 AAOI
2026-09-14 09:13:31,542 [INFO] [6/8] 分析 LUNR
2026-09-14 09:13:31,995 [INFO] [7/8] 分析 CRCL
2026-09-14 09:13:32,398 [INFO] [8/8] 分析 ONDS
2026-09-14 09:13:32,847 [INFO] 本交易日无新增触发记录，或 drop.txt 已存在对应记录。
2026-09-14 09:13:32,847 [INFO] 监控完成：Word=/home/runner/work/stock-monitor-cloud/stock-monitor-cloud/data/drop/美股技术风险监控_2026-09-11.docx TXT=/home/runner/work/stock-monitor-cloud/stock-monitor-cloud/data/drop/drop.txt
2026-09-15 09:35:03,439 [INFO] 开始美股技术风险监控，共 8 只股票；目标交易日：2026-09-14。
2026-09-15 09:35:03,439 [INFO] [1/8] 分析 OPTX
2026-09-15 09:35:03,989 [INFO] [2/8] 分析 ASTS
2026-09-15 09:35:04,422 [INFO] [3/8] 分析 CRWV
2026-09-15 09:35:04,851 [INFO] [4/8] 分析 FLY
2026-09-15 09:35:05,336 [INFO] [5/8] 分析 AAOI
2026-09-15 09:35:05,771 [INFO] [6/8] 分析 LUNR
2026-09-15 09:35:06,194 [INFO] [7/8] 分析 CRCL
2026-09-15 09:35:06,621 [INFO] [8/8] 分析 ONDS
2026-09-15 09:35:07,186 [INFO] 本交易日无新增触发记录，或 drop.txt 已存在对应记录。
2026-09-15 09:35:07,186 [INFO] 监控完成：Word=/home/runner/work/stock-monitor-cloud/stock-monitor-cloud/data/drop/美股技术风险监控_2026-09-11.docx TXT=/home/runner/work/stock-monitor-cloud/stock-monitor-cloud/data/drop/drop.txt
2026-09-15 10:21:52,487 [INFO] 开始美股技术风险监控，共 8 只股票；目标交易日：2026-09-14。
2026-09-15 10:21:52,487 [INFO] [1/8] 分析 OPTX
2026-09-15 10:21:53,025 [INFO] [2/8] 分析 ASTS
2026-09-15 10:21:53,400 [INFO] [3/8] 分析 CRWV
2026-09-15 10:21:53,781 [INFO] [4/8] 分析 FLY
2026-09-15 10:21:54,163 [INFO] [5/8] 分析 AAOI
2026-09-15 10:21:54,507 [INFO] [6/8] 分析 LUNR
2026-09-15 10:21:54,879 [INFO] [7/8] 分析 CRCL
2026-09-15 10:21:55,306 [INFO] [8/8] 分析 ONDS
2026-09-15 10:21:55,761 [INFO] 本交易日无新增触发记录，或 drop.txt 已存在对应记录。
2026-09-15 10:21:55,761 [INFO] 监控完成：Word=/home/runner/work/stock-monitor-cloud/stock-monitor-cloud/data/drop/美股技术风险监控_2026-09-14.docx TXT=/home/runner/work/stock-monitor-cloud/stock-monitor-cloud/data/drop/drop.txt
2026-09-16 09:30:06,571 [INFO] 开始美股技术风险监控，共 8 只股票；目标交易日：2026-09-15。
2026-09-16 09:30:06,571 [INFO] [1/8] 分析 OPTX
2026-09-16 09:30:07,098 [INFO] [2/8] 分析 ASTS
2026-09-16 09:30:07,489 [INFO] [3/8] 分析 CRWV
2026-09-16 09:30:07,911 [INFO] [4/8] 分析 FLY
2026-09-16 09:30:08,276 [INFO] [5/8] 分析 AAOI
2026-09-16 09:30:08,644 [INFO] [6/8] 分析 LUNR
2026-09-16 09:30:09,049 [INFO] [7/8] 分析 CRCL
2026-09-16 09:30:09,428 [INFO] [8/8] 分析 ONDS
2026-09-16 09:30:09,918 [INFO] 本交易日无新增触发记录，或 drop.txt 已存在对应记录。
2026-09-16 09:30:09,918 [INFO] 监控完成：Word=/home/runner/work/stock-monitor-cloud/stock-monitor-cloud/data/drop/美股技术风险监控_2026-09-14.docx TXT=/home/runner/work/stock-monitor-cloud/stock-monitor-cloud/data/drop/drop.txt
2026-09-17 09:32:14,150 [INFO] 开始美股技术风险监控，共 8 只股票；目标交易日：2026-09-16。
2026-09-17 09:32:14,150 [INFO] [1/8] 分析 OPTX
2026-09-17 09:32:14,604 [INFO] [2/8] 分析 ASTS
2026-09-17 09:32:14,982 [INFO] [3/8] 分析 CRWV
2026-09-17 09:32:15,355 [INFO] [4/8] 分析 FLY
2026-09-17 09:32:16,129 [INFO] [5/8] 分析 AAOI
2026-09-17 09:32:16,501 [INFO] [6/8] 分析 LUNR
2026-09-17 09:32:16,874 [INFO] [7/8] 分析 CRCL
2026-09-17 09:32:17,247 [INFO] [8/8] 分析 ONDS
2026-09-17 09:32:17,709 [INFO] 已写入 drop.txt：2026-09-15	CRCL(2)	4分
2026-09-17 09:32:17,709 [INFO] 监控完成：Word=/home/runner/work/stock-monitor-cloud/stock-monitor-cloud/data/drop/美股技术风险监控_2026-09-15.docx TXT=/home/runner/work/stock-monitor-cloud/stock-monitor-cloud/data/drop/drop.txt
2026-09-18 09:21:20,693 [INFO] 开始美股技术风险监控，共 8 只股票；目标交易日：2026-09-17。
2026-09-18 09:21:20,693 [INFO] [1/8] 分析 OPTX
2026-09-18 09:21:21,280 [INFO] [2/8] 分析 ASTS
2026-09-18 09:21:21,699 [INFO] [3/8] 分析 CRWV
2026-09-18 09:21:22,151 [INFO] [4/8] 分析 FLY
2026-09-18 09:21:22,603 [INFO] [5/8] 分析 AAOI
2026-09-18 09:21:22,996 [INFO] [6/8] 分析 LUNR
2026-09-18 09:21:23,429 [INFO] [7/8] 分析 CRCL
2026-09-18 09:21:23,871 [INFO] [8/8] 分析 ONDS
2026-09-18 09:21:24,372 [INFO] 已写入 drop.txt：2026-09-16	CRCL(3)	8分
2026-09-18 09:21:24,373 [INFO] 监控完成：Word=/home/runner/work/stock-monitor-cloud/stock-monitor-cloud/data/drop/美股技术风险监控_2026-09-16.docx TXT=/home/runner/work/stock-monitor-cloud/stock-monitor-cloud/data/drop/drop.txt
2026-09-21 09:13:29,743 [INFO] 开始美股技术风险监控，共 8 只股票；目标交易日：2026-09-18。
2026-09-21 09:13:29,743 [INFO] [1/8] 分析 OPTX
2026-09-21 09:13:30,215 [INFO] [2/8] 分析 ASTS
2026-09-21 09:13:30,580 [INFO] [3/8] 分析 CRWV
2026-09-21 09:13:31,010 [INFO] [4/8] 分析 FLY
2026-09-21 09:13:31,426 [INFO] [5/8] 分析 AAOI
2026-09-21 09:13:31,806 [INFO] [6/8] 分析 LUNR
2026-09-21 09:13:32,183 [INFO] [7/8] 分析 CRCL
2026-09-21 09:13:32,550 [INFO] [8/8] 分析 ONDS
2026-09-21 09:13:33,048 [INFO] 本交易日无新增触发记录，或 drop.txt 已存在对应记录。
2026-09-21 09:13:33,048 [INFO] 监控完成：Word=/home/runner/work/stock-monitor-cloud/stock-monitor-cloud/data/drop/美股技术风险监控_2026-09-18.docx TXT=/home/runner/work/stock-monitor-cloud/stock-monitor-cloud/data/drop/drop.txt
2026-09-22 09:40:09,356 [INFO] 开始美股技术风险监控，共 8 只股票；目标交易日：2026-09-21。
2026-09-22 09:40:09,356 [INFO] [1/8] 分析 OPTX
2026-09-22 09:40:09,820 [INFO] [2/8] 分析 ASTS
2026-09-22 09:40:10,226 [INFO] [3/8] 分析 CRWV
2026-09-22 09:40:10,662 [INFO] [4/8] 分析 FLY
2026-09-22 09:40:11,058 [INFO] [5/8] 分析 AAOI
2026-09-22 09:40:11,429 [INFO] [6/8] 分析 LUNR
2026-09-22 09:40:11,795 [INFO] [7/8] 分析 CRCL
2026-09-22 09:40:12,135 [INFO] [8/8] 分析 ONDS
2026-09-22 09:40:12,609 [INFO] 本交易日无新增触发记录，或 drop.txt 已存在对应记录。
2026-09-22 09:40:12,609 [INFO] 监控完成：Word=/home/runner/work/stock-monitor-cloud/stock-monitor-cloud/data/drop/美股技术风险监控_2026-09-21.docx TXT=/home/runner/work/stock-monitor-cloud/stock-monitor-cloud/data/drop/drop.txt
2026-09-23 09:34:06,903 [INFO] 开始美股技术风险监控，共 8 只股票；目标交易日：2026-09-22。
2026-09-23 09:34:06,903 [INFO] [1/8] 分析 OPTX
2026-09-23 09:34:07,378 [INFO] [2/8] 分析 ASTS
2026-09-23 09:34:07,763 [INFO] [3/8] 分析 CRWV
2026-09-23 09:34:08,145 [INFO] [4/8] 分析 FLY
2026-09-23 09:34:08,897 [INFO] [5/8] 分析 AAOI
2026-09-23 09:34:09,278 [INFO] [6/8] 分析 LUNR
2026-09-23 09:34:09,663 [INFO] [7/8] 分析 CRCL
2026-09-23 09:34:10,019 [INFO] [8/8] 分析 ONDS
2026-09-23 09:34:10,490 [INFO] 本交易日无新增触发记录，或 drop.txt 已存在对应记录。
2026-09-23 09:34:10,490 [INFO] 监控完成：Word=/home/runner/work/stock-monitor-cloud/stock-monitor-cloud/data/drop/美股技术风险监控_2026-09-21.docx TXT=/home/runner/work/stock-monitor-cloud/stock-monitor-cloud/data/drop/drop.txt
2026-09-23 17:56:19,479 [INFO] 开始美股技术风险监控，共 8 只股票；目标交易日：2026-09-22。
2026-09-23 17:56:19,479 [INFO] [1/8] 分析 OPTX
2026-09-23 17:56:19,990 [INFO] [2/8] 分析 ASTS
2026-09-23 17:56:20,359 [INFO] [3/8] 分析 CRWV
2026-09-23 17:56:20,787 [INFO] [4/8] 分析 FLY
2026-09-23 17:56:21,155 [INFO] [5/8] 分析 AAOI
2026-09-23 17:56:21,523 [INFO] [6/8] 分析 LUNR
2026-09-23 17:56:21,941 [INFO] [7/8] 分析 CRCL
2026-09-23 17:56:22,353 [INFO] [8/8] 分析 ONDS
2026-09-23 17:56:22,878 [INFO] 本交易日无新增触发记录，或 drop.txt 已存在对应记录。
2026-09-23 17:56:22,878 [INFO] 监控完成：Word=/home/runner/work/stock-monitor-cloud/stock-monitor-cloud/data/drop/美股技术风险监控_2026-09-21.docx TXT=/home/runner/work/stock-monitor-cloud/stock-monitor-cloud/data/drop/drop.txt
