2026-08-20 15:21:23,593 [INFO] 开始短线反弹风险监控，共8只股票；目标交易日：2026-08-19。
2026-08-20 15:21:23,593 [INFO] [1/8] 分析 OPTX
2026-08-20 15:21:24,232 [INFO] [2/8] 分析 ASTS
2026-08-20 15:21:24,663 [INFO] [3/8] 分析 CRWV
2026-08-20 15:21:25,110 [INFO] [4/8] 分析 FLY
2026-08-20 15:21:25,539 [INFO] [5/8] 分析 AAOI
2026-08-20 15:21:25,970 [INFO] [6/8] 分析 LUNR
2026-08-20 15:21:26,398 [INFO] [7/8] 分析 CRCL
2026-08-20 15:21:26,902 [INFO] [8/8] 分析 ONDS
2026-08-20 15:21:27,412 [INFO] 本交易日无新增短线风险触发记录。
2026-08-20 15:21:27,413 [INFO] 监控完成：Word=/home/runner/work/stock-monitor-cloud/stock-monitor-cloud/data/drop/short-risk/美股短线反弹风险监控_2026-08-19.docx TXT=/home/runner/work/stock-monitor-cloud/stock-monitor-cloud/data/drop/short-risk/RISK.txt
2026-08-21 10:41:35,572 [INFO] 开始短线反弹风险监控，共8只股票；目标交易日：2026-08-20。
2026-08-21 10:41:35,572 [INFO] [1/8] 分析 OPTX
2026-08-21 10:41:36,017 [INFO] [2/8] 分析 ASTS
2026-08-21 10:41:36,389 [INFO] [3/8] 分析 CRWV
2026-08-21 10:41:36,754 [INFO] [4/8] 分析 FLY
2026-08-21 10:41:37,120 [INFO] [5/8] 分析 AAOI
2026-08-21 10:41:37,501 [INFO] [6/8] 分析 LUNR
2026-08-21 10:41:37,880 [INFO] [7/8] 分析 CRCL
2026-08-21 10:41:38,255 [INFO] [8/8] 分析 ONDS
2026-08-21 10:41:38,713 [INFO] 本交易日无新增短线风险触发记录。
2026-08-21 10:41:38,713 [INFO] 监控完成：Word=/home/runner/work/stock-monitor-cloud/stock-monitor-cloud/data/drop/short-risk/美股短线反弹风险监控_2026-08-20.docx TXT=/home/runner/work/stock-monitor-cloud/stock-monitor-cloud/data/drop/short-risk/RISK.txt
2026-08-21 10:49:06,261 [INFO] 开始短线反弹风险监控，共8只股票；目标交易日：2026-08-20。
2026-08-21 10:49:06,262 [INFO] [1/8] 分析 OPTX
2026-08-21 10:49:06,780 [INFO] [2/8] 分析 ASTS
2026-08-21 10:49:07,253 [INFO] [3/8] 分析 CRWV
2026-08-21 10:49:07,734 [INFO] [4/8] 分析 FLY
2026-08-21 10:49:08,174 [INFO] [5/8] 分析 AAOI
2026-08-21 10:49:08,632 [INFO] [6/8] 分析 LUNR
2026-08-21 10:49:09,098 [INFO] [7/8] 分析 CRCL
2026-08-21 10:49:09,477 [INFO] [8/8] 分析 ONDS
2026-08-21 10:49:10,003 [INFO] 本交易日无新增短线风险触发记录。
2026-08-21 10:49:10,003 [INFO] 监控完成：Word=/home/runner/work/stock-monitor-cloud/stock-monitor-cloud/data/drop/short-risk/美股短线反弹风险监控_2026-08-20.docx TXT=/home/runner/work/stock-monitor-cloud/stock-monitor-cloud/data/drop/short-risk/RISK.txt
